// Jest Snapshot v1, https://goo.gl/fbAQLP

exports[`<RouterLink /> renders and matches snapshot 1`] = `
<Link
  className="testCss"
  to={
    Object {
      "pathname": "testPath",
      "state": Object {
        "id": "testId",
        "name": "testName",
      },
    }
  }
/>
`;
