// Jest Snapshot v1, https://goo.gl/fbAQLP

exports[`<DateFormat /> renders and matches snapshot 1`] = `
<time
  dateTime="2016-01-25 07:47:00.0"
>
  January 25, 2016
</time>
`;
