// Jest Snapshot v1, https://goo.gl/fbAQLP

exports[`<Layout /> should render  correctly 1`] = `
<Fragment>
  <Header />
  <Container
    className="layout__content"
    tag="div"
  >
    <p>
      Hola Mundo
    </p>
  </Container>
</Fragment>
`;
