// Jest Snapshot v1, https://goo.gl/fbAQLP

exports[`<Nav /> renders nav correctly 1`] = `
<Fragment>
  <NavbarToggler
    onClick={[Function]}
    tag="button"
    type="button"
  />
  <Collapse
    appear={false}
    enter={true}
    exit={true}
    in={false}
    isOpen={false}
    mountOnEnter={false}
    navbar={true}
    onEnter={[Function]}
    onEntered={[Function]}
    onEntering={[Function]}
    onExit={[Function]}
    onExited={[Function]}
    onExiting={[Function]}
    tag="div"
    timeout={350}
    unmountOnExit={false}
  >
    <Nav
      pills={true}
      tag="ul"
      vertical={false}
    >
      <NavOption
        item={
          Object {
            "children": Array [],
            "folder": "123",
            "href": "/about",
            "title": "About Us",
          }
        }
      />
      <NavOption
        item={
          Object {
            "children": Array [],
            "folder": "456",
            "href": "/products",
            "title": "Products",
          }
        }
      />
      <UncontrolledDropdown
        inNavbar={true}
        nav={true}
      >
        <DropdownToggle
          aria-haspopup={true}
          caret={true}
          color="secondary"
          nav={true}
        >
          Resources
        </DropdownToggle>
        <DropdownMenu
          flip={true}
          right={true}
          tag="div"
        >
          <DropdownItem
            tag="button"
            toggle={true}
          >
            <NavOption
              item={
                Object {
                  "folder": null,
                  "href": "/videos",
                  "title": "Videos",
                }
              }
            />
          </DropdownItem>
          <DropdownItem
            tag="button"
            toggle={true}
          >
            <NavOption
              item={
                Object {
                  "folder": null,
                  "href": "/blog",
                  "title": "Blog",
                }
              }
            />
          </DropdownItem>
        </DropdownMenu>
      </UncontrolledDropdown>
    </Nav>
  </Collapse>
</Fragment>
`;
