// Jest Snapshot v1, https://goo.gl/fbAQLP

exports[`<Page /> should render alert 1`] = `
<CantRender
  title="Page can not be rendered"
>
  <p>
    You might not have enterprise license or the page is not created with our layout editor.
  </p>
</CantRender>
`;
