// Jest Snapshot v1, https://goo.gl/fbAQLP

exports[`<Nav /> renders nav correctly 1`] = `
<Fragment>
  <NavbarToggler
    className="nav-menu__toggle-button"
    onClick={[Function]}
    tag="button"
    type="button"
  >
    â˜°
  </NavbarToggler>
  <Collapse
    appear={false}
    className="nav-menu__links"
    enter={true}
    exit={true}
    in={false}
    isOpen={false}
    mountOnEnter={false}
    navbar={true}
    onEnter={[Function]}
    onEntered={[Function]}
    onEntering={[Function]}
    onExit={[Function]}
    onExited={[Function]}
    onExiting={[Function]}
    tag="div"
    timeout={350}
    unmountOnExit={false}
  >
    <Nav
      pills={true}
      tag="ul"
      vertical={false}
    >
      <NavOption
        item={
          Object {
            "children": Array [],
            "folder": "123",
            "hash": 123,
            "href": "/about",
            "title": "About Us",
            "type": "htmlpage",
          }
        }
        key="123"
      />
      <NavOption
        item={
          Object {
            "children": Array [],
            "folder": "456",
            "hash": 1234,
            "href": "/products",
            "title": "Products",
            "type": "htmlpage",
          }
        }
        key="1234"
      />
      <NavDropDown
        key="4343"
        options={
          Object {
            "children": Array [
              Object {
                "folder": null,
                "hash": 4563,
                "href": "/videos",
                "title": "Videos",
                "type": "htmlpage",
              },
              Object {
                "folder": null,
                "hash": 1249,
                "href": "/blog",
                "title": "Blog",
                "type": "htmlpage",
              },
            ],
            "folder": "789",
            "hash": 4343,
            "href": "/resources",
            "title": "Resources",
            "type": "folder",
          }
        }
      />
    </Nav>
  </Collapse>
</Fragment>
`;
